---
source: crates/vespertide-exporter/src/jpa/mod.rs
expression: result
---
import jakarta.persistence.*;

@Entity
@Table(name = "posts", indexes = {
    @Index(name = "ix_posts__author_id", columnList = "author_id")
})
public class Posts {

    @Id
    @GeneratedValue(strategy = GenerationType.IDENTITY)
    @Column(name = "id")
    private Integer id;

    @ManyToOne(fetch = FetchType.LAZY)
    @JoinColumn(name = "author_id", nullable = false)
    private Users author;

    @Column(name = "title", nullable = false, columnDefinition = "TEXT")
    private String title;

    protected Posts() {
    }
}
