---
source: crates/vespertide-exporter/src/jpa/mod.rs
expression: result
---
import jakarta.persistence.*;
import java.time.LocalDate;
import java.time.LocalDateTime;
import java.time.LocalTime;
import java.time.OffsetDateTime;
import java.util.UUID;

@Entity
@Table(name = "type_test")
public class TypeTest {

    @Column(name = "col_smallint", nullable = false)
    private Short colSmallint;

    @Id
    @Column(name = "col_integer")
    private Integer colInteger;

    @Column(name = "col_bigint", nullable = false)
    private Long colBigint;

    @Column(name = "col_real", nullable = false)
    private Float colReal;

    @Column(name = "col_double", nullable = false)
    private Double colDouble;

    @Column(name = "col_text", nullable = false, columnDefinition = "TEXT")
    private String colText;

    @Column(name = "col_boolean", nullable = false)
    private Boolean colBoolean;

    @Column(name = "col_date", nullable = false)
    private LocalDate colDate;

    @Column(name = "col_time", nullable = false)
    private LocalTime colTime;

    @Column(name = "col_timestamp", nullable = false)
    private LocalDateTime colTimestamp;

    @Column(name = "col_timestamptz", nullable = false)
    private OffsetDateTime colTimestamptz;

    @Column(name = "col_interval", nullable = false, columnDefinition = "INTERVAL")
    private String colInterval;

    @Column(name = "col_bytea", nullable = false, columnDefinition = "BYTEA")
    private byte[] colBytea;

    @Column(name = "col_uuid", nullable = false)
    private UUID colUuid;

    @Column(name = "col_json", nullable = false, columnDefinition = "JSON")
    private String colJson;

    @Column(name = "col_inet", nullable = false)
    private String colInet;

    @Column(name = "col_cidr", nullable = false)
    private String colCidr;

    @Column(name = "col_macaddr", nullable = false)
    private String colMacaddr;

    @Column(name = "col_xml", nullable = false, columnDefinition = "TEXT")
    private String colXml;

    protected TypeTest() {
    }
}
