---
source: crates/vespertide-exporter/src/jpa/mod.rs
expression: result
---
import jakarta.persistence.*;

enum OrderStatus {
    pending,
    shipped,
    delivered;
}

@Entity
@Table(name = "orders")
public class Orders {

    @Id
    @GeneratedValue(strategy = GenerationType.IDENTITY)
    @Column(name = "id")
    private Integer id;

    @Enumerated(EnumType.STRING)
    @Column(name = "status", nullable = false)
    private OrderStatus status;

    protected Orders() {
    }
}
